Matterhorn platform safety gate: 11 stages
[prepare] Workspace artifacts
[1/11] Memory storage lifecycle
Matterhorn memory vault smoke gate passed.
[2/11] Wallet approval behavior
54 pass
0 fail
451 expect() calls
Ran 54 tests across 6 files. [6.15s]
[3/11] Money-path backend security
435 pass
0 fail
2253 expect() calls
Ran 435 tests across 19 files. [46.68s]
[4/11] Desk depth
Matterhorn Desks customer-ready crypto smoke: READY
- PASS crypto.unified_chat: Unified crypto chat router
- PASS crypto.unified_chat_routes: Unified crypto chat route contract
- PASS crypto.direct_prompt_safety: Direct venue credential prompt safety
- PASS crypto.shared_card_contract: Unified crypto shared-card contract
- PASS crypto.cli: Unified crypto CLI fallback smoke
- PASS crypto.agent_operator_loop: Crypto agent operator loop
- PASS crypto.hermes_customer_qa: Hermes crypto customer QA handoff
- PASS crypto.readiness_api: Unified crypto readiness API contract
- PASS crypto.customer_readiness_ui: Customer readiness UI contract
- PASS crypto.customer_onboarding_ui: Matterhorn customer onboarding UI contract
- PASS bittensor.beta_release_gate: Bittensor beta release gate contract
- PASS bittensor.beta_customer_packet: Bittensor beta release candidate packet
- PASS market.safety_contract: Market shared safety contract
- PASS market.execution_safety: Market execution safety gate
- PASS market.execution_readiness_api: Market execution-readiness API and chat contract
- PASS market.execution_readiness: Market execution-readiness security gate
- PASS market.submit_sign_phase0_contract: Market submit/sign Phase 0 contract
- PASS market.sign_request_phase1: Market sign-request Phase 1 gate
- PASS market.artifact_validation_phase2: Market artifact validation Phase 2 gate
- PASS market.sign_artifact_routes: Market sign-request and artifact-validation route contract
- PASS market.artifact_reconciliation: Market artifact reconciliation evidence
- PASS market.execution_chain_gate: Market execution chain aggregate gate
- PASS market.official_sdk_validation: Market official SDK validation track
- PASS market.official_sdk_capture: Market official SDK validation capture
- PASS market.official_sdk_doctor: Market official SDK validation doctor
- PASS market.official_sdk_normalize: Market official SDK artifact normalizer
- PASS market.official_sdk_operator_loop: Market official SDK operator loop
- PASS market.official_sdk_validate_public: Market official SDK public validation
- PASS market.official_sdk_operator_artifacts: Market official SDK operator artifact examples
- PASS market.official_sdk_manifest_check: Market official SDK run manifest checker
- PASS market.official_sdk_fixtures: Market official SDK validation fixtures
- PASS market.customer_evidence_bundle: Market customer evidence bundle
- PASS market.customer_evidence_verify: Market customer evidence verifier
- PASS crypto.customer_packet: Crypto customer packet manifest
- PASS market.receipt_qa: Market public receipt QA
- PASS market.receipt_evidence: Market receipt evidence docs/checks
- PASS hyperliquid.readiness: Hyperliquid readiness gate
- PASS polymarket.readiness: Polymarket readiness gate
- PASS hyperliquid.read_preview: Hyperliquid read-preview self-test
- PASS polymarket.read_preview: Polymarket read-preview self-test
- PASS hyperliquid.cli: Hyperliquid CLI fallback smoke
- PASS polymarket.cli: Polymarket CLI fallback smoke
- PASS market.watch_workflows: Market watch and alert workflows
- PASS market.watch_action_routes: Market watch alert action route contract
- PASS market.live_readonly_self_test: Market live read-only smoke self-test
- PASS bittensor.customer_readiness: Bittensor customer readiness gate
- PASS bittensor.receipt: Bittensor receipt check
- PASS bittensor.watch_autopilot: Bittensor watch autopilot
- PASS bittensor.watch_scheduler: Bittensor watch autopilot scheduler
- PASS bittensor.signing_handoff: Bittensor signing handoff check
- PASS bittensor.evidence_bundle: Bittensor customer evidence bundle
- PASS bittensor.evidence_verify: Bittensor customer evidence verifier
Matterhorn crypto tool authority gate passed.
61 pass
0 fail
402 expect() calls
Ran 61 tests across 2 files. [594.00ms]
error: EINTR reading "/Users/abhinavramesh/Documents/Matterhorn-work/matterhorn-model-workspace-usability-2026-10-06/node_modules/.pnpm/viem@2.52.2_typescript@5.9.3_zod@4.3.6/node_modules/viem/_esm/chains/definitions/zoraSepolia.js"
12 pass
1 fail
139 expect() calls
Ran 13 tests across 3 files. [7.93s]
Matterhorn platform safety gate failed at desk.depth with exit code 1.
