Matterhorn platform safety gate: 11 stages
[prepare] Workspace artifacts
[1/11] Memory storage lifecycle
Matterhorn memory vault smoke gate passed.
[2/11] Wallet approval behavior
54 pass
0 fail
451 expect() calls
Ran 54 tests across 6 files. [478.00ms]
[3/11] Money-path backend security
435 pass
0 fail
2253 expect() calls
Ran 435 tests across 19 files. [19.69s]
[4/11] Desk depth
Matterhorn Desks customer-ready crypto smoke: NOT_READY
- PASS crypto.unified_chat: Unified crypto chat router
- PASS crypto.unified_chat_routes: Unified crypto chat route contract
- PASS crypto.direct_prompt_safety: Direct venue credential prompt safety
- PASS crypto.shared_card_contract: Unified crypto shared-card contract
- PASS crypto.cli: Unified crypto CLI fallback smoke
- PASS crypto.agent_operator_loop: Crypto agent operator loop
- PASS crypto.hermes_customer_qa: Hermes crypto customer QA handoff
- PASS crypto.readiness_api: Unified crypto readiness API contract
- PASS crypto.customer_readiness_ui: Customer readiness UI contract
- FAIL crypto.customer_onboarding_ui: Matterhorn customer onboarding UI contract
Matterhorn platform safety gate failed at desk.depth with exit code 1.
